// Jest Snapshot v1, https://goo.gl/fbAQLP

exports[`<Breadcrumb /> renders correctly 1`] = `
<Styled(div)
  id="breadcrumb-wrapper"
>
  <Link
    onClick={[Function]}
    to="/"
  >
    <pure(HomeIcon) />
  </Link>
  Â 
  /  Profile
</Styled(div)>
`;
