// Jest Snapshot v1, https://goo.gl/fbAQLP

exports[`<CardContainer /> renders correctly with rooms 1`] = `
<Styled(WithStyles(ForwardRef(Paper)))>
  <Styled(div)
    style={
      Object {
        "backgroundColor": "#eff180",
      }
    }
  >
    ROOMS
  </Styled(div)>
  <Styled(div)>
    <div
      id="rooms-anchor-111-123-123-123"
      key="rooms-anchor-111-123-123-123"
    >
      <Styled(WithStyles(ForwardRef(Paper)))
        key="111-123-123-123"
      >
        <div>
          <span />
        </div>
        <div>
          <pure(MeetingRoomIcon) />
          1.11
        </div>
      </Styled(WithStyles(ForwardRef(Paper)))>
      <WithStyles(ForwardRef(Menu))
        anchorEl={null}
        aria-label="Settings"
        id="Settings"
        onClose={[Function]}
        open={false}
        title="Settings"
      >
        <Styled(div)>
          Delete
           
          <span>
            Room: 
            1.11
          </span>
        </Styled(div)>
        <WithStyles(ForwardRef(MenuItem))
          onClick={[Function]}
        >
          Yes
        </WithStyles(ForwardRef(MenuItem))>
        <WithStyles(ForwardRef(MenuItem))
          onClick={[Function]}
        >
          Cancel
        </WithStyles(ForwardRef(MenuItem))>
      </WithStyles(ForwardRef(Menu))>
    </div>
    <div
      id="rooms-anchor-222-123-123-123"
      key="rooms-anchor-222-123-123-123"
    >
      <Styled(WithStyles(ForwardRef(Paper)))
        key="222-123-123-123"
      >
        <div>
          <span />
        </div>
        <div>
          <pure(MeetingRoomIcon) />
          1.12
        </div>
      </Styled(WithStyles(ForwardRef(Paper)))>
      <WithStyles(ForwardRef(Menu))
        anchorEl={null}
        aria-label="Settings"
        id="Settings"
        onClose={[Function]}
        open={false}
        title="Settings"
      >
        <Styled(div)>
          Delete
           
          <span>
            Room: 
            1.12
          </span>
        </Styled(div)>
        <WithStyles(ForwardRef(MenuItem))
          onClick={[Function]}
        >
          Yes
        </WithStyles(ForwardRef(MenuItem))>
        <WithStyles(ForwardRef(MenuItem))
          onClick={[Function]}
        >
          Cancel
        </WithStyles(ForwardRef(MenuItem))>
      </WithStyles(ForwardRef(Menu))>
    </div>
  </Styled(div)>
</Styled(WithStyles(ForwardRef(Paper)))>
`;

exports[`<CardContainer /> renders correctly with tags 1`] = `
<Styled(WithStyles(ForwardRef(Paper)))>
  <Styled(div)
    style={
      Object {
        "backgroundColor": "#eff180",
      }
    }
  >
    ROOMS
  </Styled(div)>
  <Styled(div)>
    <div
      id="rooms-anchor-111-123-123-123"
      key="rooms-anchor-111-123-123-123"
    >
      <Styled(WithStyles(ForwardRef(Paper)))
        key="111-123-123-123"
      >
        <div>
          <span />
        </div>
        <div>
          <pure(MeetingRoomIcon) />
          1.11
        </div>
      </Styled(WithStyles(ForwardRef(Paper)))>
      <WithStyles(ForwardRef(Menu))
        anchorEl={null}
        aria-label="Settings"
        id="Settings"
        onClose={[Function]}
        open={false}
        title="Settings"
      >
        <Styled(div)>
          Delete
           
          <span>
            Room: 
            1.11
          </span>
        </Styled(div)>
        <WithStyles(ForwardRef(MenuItem))
          onClick={[Function]}
        >
          Yes
        </WithStyles(ForwardRef(MenuItem))>
        <WithStyles(ForwardRef(MenuItem))
          onClick={[Function]}
        >
          Cancel
        </WithStyles(ForwardRef(MenuItem))>
      </WithStyles(ForwardRef(Menu))>
    </div>
    <div
      id="rooms-anchor-222-123-123-123"
      key="rooms-anchor-222-123-123-123"
    >
      <Styled(WithStyles(ForwardRef(Paper)))
        key="222-123-123-123"
      >
        <div>
          <span />
        </div>
        <div>
          <pure(MeetingRoomIcon) />
          1.12
        </div>
      </Styled(WithStyles(ForwardRef(Paper)))>
      <WithStyles(ForwardRef(Menu))
        anchorEl={null}
        aria-label="Settings"
        id="Settings"
        onClose={[Function]}
        open={false}
        title="Settings"
      >
        <Styled(div)>
          Delete
           
          <span>
            Room: 
            1.12
          </span>
        </Styled(div)>
        <WithStyles(ForwardRef(MenuItem))
          onClick={[Function]}
        >
          Yes
        </WithStyles(ForwardRef(MenuItem))>
        <WithStyles(ForwardRef(MenuItem))
          onClick={[Function]}
        >
          Cancel
        </WithStyles(ForwardRef(MenuItem))>
      </WithStyles(ForwardRef(Menu))>
    </div>
  </Styled(div)>
</Styled(WithStyles(ForwardRef(Paper)))>
`;
